Enter an abitrarily long string, ending with carriage return > Check sum is #
